Loading validation data from platform_name_iso

============================================================
GRAFO CON NODOS INDIVIDUALES POR TOOL
============================================================

    Estructura:
    START ÔåÆ main_supervisor (clasifica Y supervisa)
              Ôåô
    router_pricing ÔåÆ [5 tools] ÔåÆ pricing_supervisor
              Ôåô                           Ôåô
    router_intelligence ÔåÆ [3 tools] ÔåÆ intelligence_supervisor
                                              Ôåô
                                      main_supervisor (loop)
                                              Ôåô
                                      format_response ÔåÆ END
    
    El main_supervisor hace TODO:
    - Clasificaci├│n inicial (pricing vs intelligence)
    - Supervisi├│n de si necesita m├ís informaci├│n
    - Coordinaci├│n entre categor├¡as
    
============================================================

DIAGRAMA MERMAID DEL GRAFO:
============================================================
---
config:
  flowchart:
    curve: linear
---
graph TD;
	__start__([<p>__start__</p>]):::first
	prices_latest(prices_latest)
	prices_history(prices_history)
	prices_changes(prices_changes)
	prices_stats(prices_stats)
	hits_quality(hits_quality)
	platform_exclusivity(platform_exclusivity)
	catalog_similarity(catalog_similarity)
	titles_diff(titles_diff)
	router_pricing(router_pricing)
	router_intelligence(router_intelligence)
	pricing_supervisor(pricing_supervisor)
	intelligence_supervisor(intelligence_supervisor)
	main_supervisor(main_supervisor)
	format_response(format_response)
	__end__([<p>__end__</p>]):::last
	__start__ --> main_supervisor;
	catalog_similarity --> intelligence_supervisor;
	hits_quality --> pricing_supervisor;
	intelligence_supervisor -.-> main_supervisor;
	intelligence_supervisor -.-> router_intelligence;
	main_supervisor -.-> format_response;
	main_supervisor -.-> router_intelligence;
	main_supervisor -.-> router_pricing;
	platform_exclusivity --> intelligence_supervisor;
	prices_changes --> pricing_supervisor;
	prices_history --> pricing_supervisor;
	prices_latest --> pricing_supervisor;
	prices_stats --> pricing_supervisor;
	pricing_supervisor -.-> main_supervisor;
	pricing_supervisor -.-> router_pricing;
	router_intelligence -.-> catalog_similarity;
	router_intelligence -.-> platform_exclusivity;
	router_intelligence -.-> titles_diff;
	router_pricing -.-> hits_quality;
	router_pricing -.-> prices_changes;
	router_pricing -.-> prices_history;
	router_pricing -.-> prices_latest;
	router_pricing -.-> prices_stats;
	titles_diff --> intelligence_supervisor;
	format_response --> __end__;
	classDef default fill:#f2f0ff,line-height:1.2
	classDef first fill-opacity:0
	classDef last fill:#bfb6fc

============================================================

Copia el c├│digo Mermaid en https://mermaid.live para visualizarlo

RESUMEN DEL GRAFO:
============================================================
Nodos (16): ['__start__', 'prices_latest', 'prices_history', 'prices_changes', 'prices_stats', 'hits_quality', 'platform_exclusivity', 'catalog_similarity', 'titles_diff', 'router_pricing', 'router_intelligence', 'pricing_supervisor', 'intelligence_supervisor', 'main_supervisor', 'format_response', '__end__']

Edges: 25
  - __start__ ÔåÆ main_supervisor
  - catalog_similarity ÔåÆ intelligence_supervisor
  - hits_quality ÔåÆ pricing_supervisor
  - intelligence_supervisor ÔåÆ main_supervisor
  - intelligence_supervisor ÔåÆ router_intelligence
  - main_supervisor ÔåÆ format_response
  - main_supervisor ÔåÆ router_intelligence
  - main_supervisor ÔåÆ router_pricing
  - platform_exclusivity ÔåÆ intelligence_supervisor
  - prices_changes ÔåÆ pricing_supervisor
  - prices_history ÔåÆ pricing_supervisor
  - prices_latest ÔåÆ pricing_supervisor
  - prices_stats ÔåÆ pricing_supervisor
  - pricing_supervisor ÔåÆ main_supervisor
  - pricing_supervisor ÔåÆ router_pricing
============================================================

[SUPERVISOR] Main supervisor analizando... task=None, tools=0
[INFO] Primera clasificaci├│n de la pregunta
[DECISION] Main supervisor decidi├│: 'NECESITA_INTELLIGENCE'
[ROUTING] Main supervisor routing: decision='COMPLETO', tools=0/3
[ROUTE] Ruta: format_response (completo)
Con la informaci├│n proporcionada no hay datos suficientes para dar una respuesta precisa sobre qu├® plataforma de streaming tiene m├ís contenido disponible en Estados Unidos.
[QUERY] Pregunta: Que plataforma tiene m├ís contenido disponible en US.
[TIME] Tiempo: 4.65s
[TOOLS] Tools: 0
[RESPONSE] Respuesta:
{'role': 'assistant', 'content': [{'text': 'Con la informaci├│n proporcionada no hay datos suficientes para dar una respuesta precisa sobre qu├® plataforma de streaming tiene m├ís contenido disponible en Estados Unidos.'}]}

[SUPERVISOR] Main supervisor analizando... task=None, tools=0
[INFO] Primera clasificaci├│n de la pregunta
[DECISION] Main supervisor decidi├│: 'NECESITA_INTELLIGENCE'
[ROUTING] Main supervisor routing: decision='COMPLETO', tools=0/3
[ROUTE] Ruta: format_response (completo)
Based on the provided raw data, I cannot make a valid comparison of Netflix US vs Mexico catalogs since no data was actually shared in the raw data section. I cannot generate a list of titles without having the underlying catalog information to compare.
[QUERY] Pregunta: Que peliculas tiene Netflix en US que no en MX.
[TIME] Tiempo: 5.11s
[TOOLS] Tools: 0
[RESPONSE] Respuesta:
{'role': 'assistant', 'content': [{'text': 'Based on the provided raw data, I cannot make a valid comparison of Netflix US vs Mexico catalogs since no data was actually shared in the raw data section. I cannot generate a list of titles without having the underlying catalog information to compare.'}]}

